// Jest Snapshot v1, https://goo.gl/fbAQLP

exports[`<Modal /> rendering should render elements 1`] = `
<styled.div>
  <styled.div>
    <styled.div
      onClick={[Function]}
    />
  </styled.div>
</styled.div>
`;
